// Jest Snapshot v1, https://goo.gl/fbAQLP

exports[`correctly renders Beat component 1`] = `
<div
  className="beat outline selected"
/>
`;
