// Jest Snapshot v1, https://goo.gl/fbAQLP

exports[`correctly renders Instrument component 1`] = `
<div
  className="row"
>
  <div
    className="instrument-name"
  >
    xylophone
  </div>
  beat
  beat
  beat
  beat
</div>
`;
